WARNING: Imported binding Gesso.PrefillWorkload was undeclared at import time during import to Inference.
WARNING: Imported binding Gesso.DecodeWorkload was undeclared at import time during import to Inference.
WARNING: Imported binding Gesso.KVCache was undeclared at import time during import to Inference.
┌ Info: Warmed comparison
│   backend = "cuda"
│   prompt = "Hello"
│   seconds = 0.267784056
└   allocation = 1047600
┌ Info: Warmed comparison
│   backend = "cuda"
│   prompt = "The quick brown fox"
│   seconds = 0.279846646
└   allocation = 1047680
┌ Info: Warmed comparison
│   backend = "cuda"
│   prompt = "Julia is a programming language."
│   seconds = 0.28134938
└   allocation = 1047600
┌ Info: CUDA independent parity
│   prompt = "Hello"
└   delta = 8.106231689453125e-5
┌ Info: CUDA independent parity
│   prompt = "The quick brown fox"
└   delta = 5.91278076171875e-5
┌ Info: CUDA independent parity
│   prompt = "Julia is a programming language."
└   delta = 3.4332275390625e-5
┌ Info: Warmed CUDA decode allocation
└   bytes = 1047664
Test Summary:                               | Pass  Total     Time
Warmed cuda ordinary performance comparison |   27     27  1m40.3s
Test Summary:                              | Pass  Total  Time
Regime I CUDA real-model parity and memory |    9      9  2.4s
