┌ Info: Lava: initialized Vulkan device with RT
│   device = "NVIDIA GeForce RTX 5060"
│   queue_family = 0x00000000
│   handle_size = 0x00000020
│   max_recursion = 0x0000001f
│   validation = false
│   gpu_assisted = false
│   sync_val = false
└   debug_utils = true
┌ Warning: Vulkan driver note (type=1, not a validation error)
│   message = "loader_create_device_chain: Failed to find 'vkGetInstanceProcAddr' in layer \"/home/mattc/.local/share/vulkan/implicit_layer.d/../../../lib/liblsfg-vk-layer.so\".  Skipping layer."
└ @ Lava ~/.julia/packages/Lava/V2Q5P/src/runtime/device.jl:1799
┌ Info: Warmed comparison
│   backend = "lava"
│   prompt = "Hello"
│   seconds = 3.377098746
└   allocation = 36378144
┌ Info: Warmed comparison
│   backend = "lava"
│   prompt = "The quick brown fox"
│   seconds = 3.23779168
└   allocation = 37185520
┌ Info: Warmed comparison
│   backend = "lava"
│   prompt = "Julia is a programming language."
│   seconds = 3.329480002
└   allocation = 37970816
Test Summary:                               | Pass  Total     Time
Warmed lava ordinary performance comparison |   27     27  2m35.1s
