WARNING: Imported binding Gesso.PrefillWorkload was undeclared at import time during import to Inference.
WARNING: Imported binding Gesso.DecodeWorkload was undeclared at import time during import to Inference.
WARNING: Imported binding Gesso.KVCache was undeclared at import time during import to Inference.
┌ Info: Lava: initialized Vulkan device with RT
│   device = "NVIDIA GeForce RTX 5060"
│   queue_family = 0x00000000
│   handle_size = 0x00000020
│   max_recursion = 0x0000001f
│   validation = false
│   gpu_assisted = false
│   sync_val = false
└   debug_utils = true
┌ Warning: Vulkan driver note (type=1, not a validation error)
│   message = "loader_create_device_chain: Failed to find 'vkGetInstanceProcAddr' in layer \"/home/mattc/.local/share/vulkan/implicit_layer.d/../../../lib/liblsfg-vk-layer.so\".  Skipping layer."
└ @ Lava ~/.julia/packages/Lava/V2Q5P/src/runtime/device.jl:1799
┌ Info: Primary Lava independent parity
│   prompt = "Hello"
└   delta = 0.00018310546875
┌ Info: Primary Lava independent parity
│   prompt = "The quick brown fox"
└   delta = 0.000225067138671875
┌ Info: Primary Lava independent parity
│   prompt = "Julia is a programming language."
└   delta = 5.245208740234375e-5
┌ Info: Lava: GPU allocation succeeded after GC retry
└   bytes = 16
┌ Info: Lava: GPU allocation succeeded after GC retry
└   bytes = 16
┌ Info: Lava: GPU allocation succeeded after GC retry
└   bytes = 40
┌ Info: Lava: GPU allocation succeeded after GC retry
└   bytes = 16
Test Summary:                              | Pass  Total     Time
Regime I primary Lava real-model lifecycle |   40     40  3m55.1s
