WARNING: Imported binding Gesso.PrefillWorkload was undeclared at import time during import to Inference.
WARNING: Imported binding Gesso.DecodeWorkload was undeclared at import time during import to Inference.
WARNING: Imported binding Gesso.KVCache was undeclared at import time during import to Inference.
input: Float32[0.0, NaN, 1.0]
gpu mapped isfinite: Bool[1, 1, 1]
bool all: false
integer nonfinite count: 0
IEEE exponent nonfinite count: 1
input: Float32[0.0, Inf, 1.0]
gpu mapped isfinite: Bool[1, 1, 1]
bool all: false
integer nonfinite count: 0
IEEE exponent nonfinite count: 1
input: Float32[0.0, -Inf, 1.0]
gpu mapped isfinite: Bool[1, 1, 1]
bool all: false
integer nonfinite count: 0
IEEE exponent nonfinite count: 1
┌ Info: Lava: initialized Vulkan device with RT
│   device = "NVIDIA GeForce RTX 5060"
│   queue_family = 0x00000000
│   handle_size = 0x00000020
│   max_recursion = 0x0000001f
│   validation = false
│   gpu_assisted = false
│   sync_val = false
└   debug_utils = true
┌ Warning: Vulkan driver note (type=1, not a validation error)
│   message = "loader_create_device_chain: Failed to find 'vkGetInstanceProcAddr' in layer \"/home/mattc/.local/share/vulkan/implicit_layer.d/../../../lib/liblsfg-vk-layer.so\".  Skipping layer."
└ @ Lava ~/.julia/packages/Lava/V2Q5P/src/runtime/device.jl:1799
