WARNING: Imported binding Gesso.PrefillWorkload was undeclared at import time during import to Inference.
WARNING: Imported binding Gesso.DecodeWorkload was undeclared at import time during import to Inference.
WARNING: Imported binding Gesso.KVCache was undeclared at import time during import to Inference.
┌ Info: Lava: initialized Vulkan device with RT
│   device = "NVIDIA GeForce RTX 5060"
│   queue_family = 0x00000000
│   handle_size = 0x00000020
│   max_recursion = 0x0000001f
│   validation = false
│   gpu_assisted = false
│   sync_val = false
└   debug_utils = true
┌ Warning: Vulkan driver note (type=1, not a validation error)
│   message = "loader_create_device_chain: Failed to find 'vkGetInstanceProcAddr' in layer \"/home/mattc/.local/share/vulkan/implicit_layer.d/../../../lib/liblsfg-vk-layer.so\".  Skipping layer."
└ @ Lava ~/.julia/packages/Lava/V2Q5P/src/runtime/device.jl:1799
┌ Info: Numerical rejection
│   actual_type = GessoError
└   actual_error = "GessoError(ERR_NUMERICAL_INSTABILITY): inference: nonfinite logits; no token may be emitted"
┌ Info: Numerical rejection
│   actual_type = GessoError
└   actual_error = "GessoError(ERR_NUMERICAL_INSTABILITY): inference: nonfinite logits; no token may be emitted"
┌ Info: Numerical rejection
│   actual_type = GessoError
└   actual_error = "GessoError(ERR_NUMERICAL_INSTABILITY): inference: nonfinite logits; no token may be emitted"
┌ Info: Numerical rejection
│   actual_type = GessoError
└   actual_error = "GessoError(ERR_NUMERICAL_INSTABILITY): softmax!: no finite unmasked maximum"
┌ Info: Numerical rejection
│   actual_type = GessoError
└   actual_error = "GessoError(ERR_NUMERICAL_INSTABILITY): rmsnorm!: nonfinite normalization denominator"
┌ Info: Numerical rejection
│   actual_type = GessoError
└   actual_error = "GessoError(ERR_NUMERICAL_INSTABILITY): inference: nonfinite logits; no token may be emitted"
┌ Info: Numerical rejection
│   actual_type = GessoError
└   actual_error = "GessoError(ERR_NUMERICAL_INSTABILITY): inference: nonfinite logits; no token may be emitted"
┌ Info: Numerical rejection
│   actual_type = GessoError
└   actual_error = "GessoError(ERR_NUMERICAL_INSTABILITY): inference: nonfinite logits; no token may be emitted"
┌ Info: Numerical rejection
│   actual_type = GessoError
└   actual_error = "GessoError(ERR_NUMERICAL_INSTABILITY): softmax!: no finite unmasked maximum"
┌ Info: Numerical rejection
│   actual_type = GessoError
└   actual_error = "GessoError(ERR_NUMERICAL_INSTABILITY): rmsnorm!: nonfinite normalization denominator"
┌ Info: Numerical rejection
│   actual_type = GessoError
└   actual_error = "GessoError(ERR_NUMERICAL_INSTABILITY): inference: nonfinite logits; no token may be emitted"
Test Summary:                         | Pass  Total     Time
Independent native lava numeric gates |   32     32  3m40.6s
