Test Summary:                      | Pass  Total  Time
External HF positional frequencies |    3      3  0.4s
┌ Info: Context boundary parity
│   backend = "lava"
│   length = 17
│   full_delta = 0.001644134521484375
└   cached_delta = 0.0018062591552734375
┌ Info: Context boundary parity
│   backend = "lava"
│   length = 33
│   full_delta = 7.009506225585938e-5
└   cached_delta = 6.008148193359375e-5
┌ Info: Context boundary parity
│   backend = "lava"
│   length = 65
│   full_delta = 0.0003590583801269531
└   cached_delta = 0.0001468658447265625
┌ Info: Context boundary parity
│   backend = "lava"
│   length = 129
│   full_delta = 0.00032901763916015625
└   cached_delta = 0.0003275871276855469
Test Summary:                                          | Pass  Total   Time
Primary lava rotary, causal and ordinary cache context |   43     43  43.7s
