┌ Info: Numerical rejection
│   actual_type = GessoError
└   actual_error = "GessoError(ERR_NUMERICAL_INSTABILITY): inference: nonfinite logits; no token may be emitted"
┌ Info: Numerical rejection
│   actual_type = GessoError
└   actual_error = "GessoError(ERR_NUMERICAL_INSTABILITY): inference: nonfinite logits; no token may be emitted"
┌ Info: Numerical rejection
│   actual_type = GessoError
└   actual_error = "GessoError(ERR_NUMERICAL_INSTABILITY): inference: nonfinite logits; no token may be emitted"
┌ Info: Numerical rejection
│   actual_type = GessoError
└   actual_error = "GessoError(ERR_NUMERICAL_INSTABILITY): softmax!: no finite unmasked maximum"
┌ Info: Numerical rejection
│   actual_type = GessoError
└   actual_error = "GessoError(ERR_NUMERICAL_INSTABILITY): rmsnorm!: nonfinite normalization denominator"
┌ Info: Numerical rejection
│   actual_type = GessoError
└   actual_error = "GessoError(ERR_NUMERICAL_INSTABILITY): inference: nonfinite logits; no token may be emitted"
┌ Info: Numerical rejection
│   actual_type = GessoError
└   actual_error = "GessoError(ERR_NUMERICAL_INSTABILITY): inference: nonfinite logits; no token may be emitted"
┌ Info: Numerical rejection
│   actual_type = GessoError
└   actual_error = "GessoError(ERR_NUMERICAL_INSTABILITY): inference: nonfinite logits; no token may be emitted"
┌ Info: Numerical rejection
│   actual_type = GessoError
└   actual_error = "GessoError(ERR_NUMERICAL_INSTABILITY): softmax!: no finite unmasked maximum"
┌ Info: Numerical rejection
│   actual_type = GessoError
└   actual_error = "GessoError(ERR_NUMERICAL_INSTABILITY): rmsnorm!: nonfinite normalization denominator"
┌ Info: Numerical rejection
│   actual_type = GessoError
└   actual_error = "GessoError(ERR_NUMERICAL_INSTABILITY): inference: nonfinite logits; no token may be emitted"
┌ Info: Numerical rejection
│   actual_type = GessoError
└   actual_error = "GessoError(ERR_NUMERICAL_INSTABILITY): inference: nonfinite logits; no token may be emitted"
┌ Info: Numerical rejection
│   actual_type = GessoError
└   actual_error = "GessoError(ERR_NUMERICAL_INSTABILITY): inference: nonfinite logits; no token may be emitted"
┌ Info: Numerical rejection
│   actual_type = GessoError
└   actual_error = "GessoError(ERR_NUMERICAL_INSTABILITY): inference: nonfinite logits; no token may be emitted"
┌ Info: Numerical rejection
│   actual_type = GessoError
└   actual_error = "GessoError(ERR_NUMERICAL_INSTABILITY): inference: nonfinite logits; no token may be emitted"
┌ Info: Numerical rejection
│   actual_type = GessoError
└   actual_error = "GessoError(ERR_NUMERICAL_INSTABILITY): inference: nonfinite logits; no token may be emitted"
┌ Info: Numerical rejection
│   actual_type = GessoError
└   actual_error = "GessoError(ERR_NUMERICAL_INSTABILITY): inference: nonfinite logits; no token may be emitted"
┌ Info: Numerical rejection
│   actual_type = GessoError
└   actual_error = "GessoError(ERR_NUMERICAL_INSTABILITY): inference: nonfinite logits; no token may be emitted"
┌ Info: Numerical rejection
│   actual_type = GessoError
└   actual_error = "GessoError(ERR_NUMERICAL_INSTABILITY): inference: nonfinite logits; no token may be emitted"
┌ Info: Numerical rejection
│   actual_type = GessoError
└   actual_error = "GessoError(ERR_NUMERICAL_INSTABILITY): inference: nonfinite logits; no token may be emitted"
┌ Info: Numerical rejection
│   actual_type = GessoError
└   actual_error = "GessoError(ERR_NUMERICAL_INSTABILITY): inference: nonfinite logits; no token may be emitted"
Test Summary:                         | Pass  Total   Time
Independent native lava numeric gates |   47     47  19.9s
Test Summary:                                        | Pass  Total  Time
ModelIR primitives (§CIX): construction + validation |   11     11  0.2s
Test Summary:                                    | Pass  Total  Time
ModelIR (§CIX): toy2 round-trip from the fixture |    8      8  1.5s
Test Summary:                          | Pass  Total  Time
ModelIR (§CIX): identity is structural |    6      6  0.0s
Test Summary:                              | Pass  Total  Time
ModelIR (§CIX): nodes are immutable values |    5      5  0.0s
Test Summary:                                              | Pass  Total  Time
prefill oracle: shape + determinism (atol=0, same process) |    4      4  3.3s
Test Summary:                                                      | Pass  Total  Time
prefill oracle: causal property (position 0 cannot see position 3) |    3      3  0.1s
Test Summary:                                                        | Pass  Total  Time
prefill oracle: last-position argmax drives generation (item C seam) |    4      4  0.1s
Test Summary:                                                | Pass  Total  Time
prefill oracle: greedy path is stable under prompt prefixing |    4      4  0.2s
Test Summary:                                                              | Pass  Total  Time
known logits: persisted slot vs recomputed (atol=1e-10, cross-commit gate) |    5      5  0.0s
Test Summary:                              | Pass  Total  Time
Primary Lava rejects poisoned model output |   15     15  1.2s
